
A_E@DESKTOP-FJ5QQUF MINGW64 ~
$ cd desktop

A_E@DESKTOP-FJ5QQUF MINGW64 ~/desktop
$ mkdir songs

A_E@DESKTOP-FJ5QQUF MINGW64 ~/desktop
$ cd songs

A_E@DESKTOP-FJ5QQUF MINGW64 ~/desktop/songs
$ get init
bash: get: command not found

A_E@DESKTOP-FJ5QQUF MINGW64 ~/desktop/songs
$ git init
Initialized empty Git repository in C:/Users/A_E/Desktop/songs/.git/

A_E@DESKTOP-FJ5QQUF MINGW64 ~/desktop/songs (master)
$ touch songs.txt

A_E@DESKTOP-FJ5QQUF MINGW64 ~/desktop/songs (master)
$ git commit -m "add empty songs file"
On branch master

Initial commit

Untracked files:
  (use "git add <file>..." to include in what will be committed)
        songs.txt

nothing added to commit but untracked files present (use "git add" to track)

A_E@DESKTOP-FJ5QQUF MINGW64 ~/desktop/songs (master)
$ git add songs.txt

A_E@DESKTOP-FJ5QQUF MINGW64 ~/desktop/songs (master)
$ git commit -m "add empty songs file"
[master (root-commit) 3cd3501] add empty songs file
 1 file changed, 0 insertions(+), 0 deletions(-)
 create mode 100644 songs.txt

A_E@DESKTOP-FJ5QQUF MINGW64 ~/desktop/songs (master)
$ git remote add origin git@github.com:ahmed2729/iti.git

A_E@DESKTOP-FJ5QQUF MINGW64 ~/desktop/songs (master)
$ git push -u origin main
